// Jest Snapshot v1, https://goo.gl/fbAQLP

exports[`Testing Root... should render correctly without props 1`] = `
<styled.div>
  <styled.div>
    <Loader
      color="#4e4e4e"
    />
  </styled.div>
</styled.div>
`;
